<?xml version="1.0" encoding="utf-8"?>
<TestRun id="1c79218a-d280-4fff-8e98-95c1b35e7727" name="Coel@PC 2025-10-22 08:30:12" runUser="PC\Coel" xmlns="http://microsoft.com/schemas/VisualStudio/TeamTest/2010">
  <Times creation="2025-10-22T08:30:12.3674674+08:00" queuing="2025-10-22T08:30:12.3674675+08:00" start="2025-10-22T08:30:11.2888812+08:00" finish="2025-10-22T08:30:13.2201531+08:00" />
  <TestSettings name="default" id="65e33451-2ae6-49a3-a2ae-50566ba5e5a9">
    <Deployment runDeploymentRoot="Coel_PC_2025-10-22_08_30_12" />
  </TestSettings>
  <Results>
    <UnitTestResult executionId="107ad07d-ab32-4a80-acaf-54a3741dfcdf" testId="71e1152d-7c2f-4ec6-ad58-93a592b1961f" testName="LORE_LLM.Tests.CliApplicationTests.Commands_return_success(scenario: CommandScenario { Arguments = System.String[], AssertPostConditions = System.Action, ConfigureServices =  })" computerName="PC" duration="00:00:00.0169086" startTime="2025-10-22T08:30:12.8880977+08:00" endTime="2025-10-22T08:30:12.8880983+08:00" testType="13cdc9d9-ddb5-4fa4-a97d-d965ccfc6d4b" outcome="Passed" testListId="8c84fa94-04c1-424b-9868-57a2d4851a1d" relativeResultsDirectory="107ad07d-ab32-4a80-acaf-54a3741dfcdf" />
    <UnitTestResult executionId="8f298d0b-038e-4191-9143-cfa0d870ca8c" testId="cf523042-e5be-ee20-2d75-2879ae5bab43" testName="LORE_LLM.Tests.Investigation.MediaWikiIngestionServiceTests.EnsureKnowledgeBaseAsync_offline_without_cache_returns_failure" computerName="PC" duration="00:00:00.3145936" startTime="2025-10-22T08:30:12.5779927+08:00" endTime="2025-10-22T08:30:12.5779930+08:00" testType="13cdc9d9-ddb5-4fa4-a97d-d965ccfc6d4b" outcome="Passed" testListId="8c84fa94-04c1-424b-9868-57a2d4851a1d" relativeResultsDirectory="8f298d0b-038e-4191-9143-cfa0d870ca8c" />
    <UnitTestResult executionId="5fa44d61-8828-4c3b-a161-1b3ea4050f5e" testId="71e1152d-7c2f-4ec6-ad58-93a592b1961f" testName="LORE_LLM.Tests.CliApplicationTests.Commands_return_success(scenario: CommandScenario { Arguments = System.String[], AssertPostConditions = System.Action, ConfigureServices =  })" computerName="PC" duration="00:00:00.0010702" startTime="2025-10-22T08:30:12.8894018+08:00" endTime="2025-10-22T08:30:12.8894023+08:00" testType="13cdc9d9-ddb5-4fa4-a97d-d965ccfc6d4b" outcome="Passed" testListId="8c84fa94-04c1-424b-9868-57a2d4851a1d" relativeResultsDirectory="5fa44d61-8828-4c3b-a161-1b3ea4050f5e" />
    <UnitTestResult executionId="1418bfdd-7a18-46f8-bce6-89fc5f570a7c" testId="cb137f5d-24c0-2966-40c5-998e3c709100" testName="LORE_LLM.Tests.Investigation.MediaWikiIngestionServiceTests.EnsureKnowledgeBaseAsync_fetches_entries_and_caches_results" computerName="PC" duration="00:00:00.1154923" startTime="2025-10-22T08:30:12.6949883+08:00" endTime="2025-10-22T08:30:12.6949886+08:00" testType="13cdc9d9-ddb5-4fa4-a97d-d965ccfc6d4b" outcome="Passed" testListId="8c84fa94-04c1-424b-9868-57a2d4851a1d" relativeResultsDirectory="1418bfdd-7a18-46f8-bce6-89fc5f570a7c" />
    <UnitTestResult executionId="2647f2e3-5145-4c02-8d9c-f2c4689aac59" testId="8af26fe3-93f7-a387-03a0-ea2796e29397" testName="LORE_LLM.Tests.Wiki.MediaWikiCrawlerTests.CrawlAsync_writes_markdown_files_for_requested_pages" computerName="PC" duration="00:00:00.9252717" startTime="2025-10-22T08:30:13.1883710+08:00" endTime="2025-10-22T08:30:13.1883713+08:00" testType="13cdc9d9-ddb5-4fa4-a97d-d965ccfc6d4b" outcome="Passed" testListId="8c84fa94-04c1-424b-9868-57a2d4851a1d" relativeResultsDirectory="2647f2e3-5145-4c02-8d9c-f2c4689aac59" />
    <UnitTestResult executionId="1f56e67d-4cc4-40e1-86f0-beef7aac83ab" testId="71e1152d-7c2f-4ec6-ad58-93a592b1961f" testName="LORE_LLM.Tests.CliApplicationTests.Commands_return_success(scenario: CommandScenario { Arguments = System.String[], AssertPostConditions = System.Action, ConfigureServices = System.Action`1[Microsoft.Extensions.DependencyInjection.IServiceCollection] })" computerName="PC" duration="00:00:00.0021059" startTime="2025-10-22T08:30:12.9081055+08:00" endTime="2025-10-22T08:30:12.9081061+08:00" testType="13cdc9d9-ddb5-4fa4-a97d-d965ccfc6d4b" outcome="Passed" testListId="8c84fa94-04c1-424b-9868-57a2d4851a1d" relativeResultsDirectory="1f56e67d-4cc4-40e1-86f0-beef7aac83ab" />
    <UnitTestResult executionId="1339cc8f-6bc7-4aba-a94b-779606026b0a" testId="c432c984-90c5-43dd-2e60-2e2a5b248875" testName="LORE_LLM.Tests.Clustering.ClusterCommandTests.Cluster_command_generates_clusters_and_updates_manifest" computerName="PC" duration="00:00:00.0177528" startTime="2025-10-22T08:30:12.8810284+08:00" endTime="2025-10-22T08:30:12.8810287+08:00" testType="13cdc9d9-ddb5-4fa4-a97d-d965ccfc6d4b" outcome="Passed" testListId="8c84fa94-04c1-424b-9868-57a2d4851a1d" relativeResultsDirectory="1339cc8f-6bc7-4aba-a94b-779606026b0a" />
    <UnitTestResult executionId="30d5eeef-5b04-4a45-96e1-2908a7263f4e" testId="d77e84e9-8f1e-2db4-f2eb-a9263555d302" testName="LORE_LLM.Tests.Extraction.RawTextExtractorTests.ExtractAsync_emits_json_and_manifest" computerName="PC" duration="00:00:00.3718669" startTime="2025-10-22T08:30:12.7101198+08:00" endTime="2025-10-22T08:30:12.7101200+08:00" testType="13cdc9d9-ddb5-4fa4-a97d-d965ccfc6d4b" outcome="Passed" testListId="8c84fa94-04c1-424b-9868-57a2d4851a1d" relativeResultsDirectory="30d5eeef-5b04-4a45-96e1-2908a7263f4e" />
    <UnitTestResult executionId="6a90749a-c5de-4b04-b02d-571c2429d150" testId="2d812191-d1ff-d9b3-c50e-85edd14614fd" testName="LORE_LLM.Tests.Domain.DomainSerializationTests.Metadata_document_round_trips" computerName="PC" duration="00:00:00.4276813" startTime="2025-10-22T08:30:12.6914956+08:00" endTime="2025-10-22T08:30:12.6914961+08:00" testType="13cdc9d9-ddb5-4fa4-a97d-d965ccfc6d4b" outcome="Passed" testListId="8c84fa94-04c1-424b-9868-57a2d4851a1d" relativeResultsDirectory="6a90749a-c5de-4b04-b02d-571c2429d150" />
    <UnitTestResult executionId="a3809d97-58d9-44a1-ac1e-d9082ff480d2" testId="71e1152d-7c2f-4ec6-ad58-93a592b1961f" testName="LORE_LLM.Tests.CliApplicationTests.Commands_return_success(scenario: CommandScenario { Arguments = System.String[], AssertPostConditions = System.Action, ConfigureServices = System.Action`1[Microsoft.Extensions.DependencyInjection.IServiceCollection] })" computerName="PC" duration="00:00:00.0143257" startTime="2025-10-22T08:30:12.9059569+08:00" endTime="2025-10-22T08:30:12.9059572+08:00" testType="13cdc9d9-ddb5-4fa4-a97d-d965ccfc6d4b" outcome="Passed" testListId="8c84fa94-04c1-424b-9868-57a2d4851a1d" relativeResultsDirectory="a3809d97-58d9-44a1-ac1e-d9082ff480d2" />
    <UnitTestResult executionId="b81a63df-4e29-438b-a7f2-3debebf23038" testId="71e1152d-7c2f-4ec6-ad58-93a592b1961f" testName="LORE_LLM.Tests.CliApplicationTests.Commands_return_success(scenario: CommandScenario { Arguments = System.String[], AssertPostConditions = System.Action, ConfigureServices =  })" computerName="PC" duration="00:00:00.0006390" startTime="2025-10-22T08:30:12.8915074+08:00" endTime="2025-10-22T08:30:12.8915075+08:00" testType="13cdc9d9-ddb5-4fa4-a97d-d965ccfc6d4b" outcome="Passed" testListId="8c84fa94-04c1-424b-9868-57a2d4851a1d" relativeResultsDirectory="b81a63df-4e29-438b-a7f2-3debebf23038" />
    <UnitTestResult executionId="84ca48db-51f4-4b74-bedc-1929bed39fed" testId="71e1152d-7c2f-4ec6-ad58-93a592b1961f" testName="LORE_LLM.Tests.CliApplicationTests.Commands_return_success(scenario: CommandScenario { Arguments = System.String[], AssertPostConditions = System.Action, ConfigureServices =  })" computerName="PC" duration="00:00:00.0006657" startTime="2025-10-22T08:30:12.8908673+08:00" endTime="2025-10-22T08:30:12.8908677+08:00" testType="13cdc9d9-ddb5-4fa4-a97d-d965ccfc6d4b" outcome="Passed" testListId="8c84fa94-04c1-424b-9868-57a2d4851a1d" relativeResultsDirectory="84ca48db-51f4-4b74-bedc-1929bed39fed" />
    <UnitTestResult executionId="c7e00b64-471b-4282-9b01-35b0c71d794c" testId="71e1152d-7c2f-4ec6-ad58-93a592b1961f" testName="LORE_LLM.Tests.CliApplicationTests.Commands_return_success(scenario: CommandScenario { Arguments = System.String[], AssertPostConditions = System.Action, ConfigureServices =  })" computerName="PC" duration="00:00:00.0007665" startTime="2025-10-22T08:30:12.8901731+08:00" endTime="2025-10-22T08:30:12.8901734+08:00" testType="13cdc9d9-ddb5-4fa4-a97d-d965ccfc6d4b" outcome="Passed" testListId="8c84fa94-04c1-424b-9868-57a2d4851a1d" relativeResultsDirectory="c7e00b64-471b-4282-9b01-35b0c71d794c" />
    <UnitTestResult executionId="a9685fb5-26c4-4b10-8b7c-83b227741cca" testId="4516c856-2174-1fa8-2472-08f4cf424b4f" testName="LORE_LLM.Tests.Extraction.RawTextExtractorTests.ExtractAsync_fails_when_no_segments" computerName="PC" duration="00:00:00.0728396" startTime="2025-10-22T08:30:12.3379821+08:00" endTime="2025-10-22T08:30:12.3379916+08:00" testType="13cdc9d9-ddb5-4fa4-a97d-d965ccfc6d4b" outcome="Passed" testListId="8c84fa94-04c1-424b-9868-57a2d4851a1d" relativeResultsDirectory="a9685fb5-26c4-4b10-8b7c-83b227741cca" />
    <UnitTestResult executionId="bd7994bf-b2f5-4b4e-9146-b0ae79364bb9" testId="1f1520cb-c9fa-ce96-7955-9deb29c9592e" testName="LORE_LLM.Tests.CliApplicationTests.Cluster_without_provider_uses_config_default" computerName="PC" duration="00:00:00.0114066" startTime="2025-10-22T08:30:12.8630829+08:00" endTime="2025-10-22T08:30:12.8630831+08:00" testType="13cdc9d9-ddb5-4fa4-a97d-d965ccfc6d4b" outcome="Passed" testListId="8c84fa94-04c1-424b-9868-57a2d4851a1d" relativeResultsDirectory="bd7994bf-b2f5-4b4e-9146-b0ae79364bb9" />
    <UnitTestResult executionId="1866a5ec-edfe-48a1-9c98-3a1b0dffca4e" testId="dd41ed94-549e-fdc0-83c0-e8e977f413a5" testName="LORE_LLM.Tests.PostProcessing.MarbleNestPostProcessorTests.Removes_empty_segments" computerName="PC" duration="00:00:00.4433115" startTime="2025-10-22T08:30:12.7070895+08:00" endTime="2025-10-22T08:30:12.7070899+08:00" testType="13cdc9d9-ddb5-4fa4-a97d-d965ccfc6d4b" outcome="Passed" testListId="8c84fa94-04c1-424b-9868-57a2d4851a1d" relativeResultsDirectory="1866a5ec-edfe-48a1-9c98-3a1b0dffca4e" />
    <UnitTestResult executionId="d640d05d-e234-4edd-893b-cc2a693412d4" testId="b373d78a-e853-b05d-6545-fcae3b98c8d9" testName="LORE_LLM.Tests.Wiki.WikiIndexCommandTests.Index_wiki_builds_keyword_index_from_markdown_files" computerName="PC" duration="00:00:00.5937701" startTime="2025-10-22T08:30:12.8575563+08:00" endTime="2025-10-22T08:30:12.8575564+08:00" testType="13cdc9d9-ddb5-4fa4-a97d-d965ccfc6d4b" outcome="Passed" testListId="8c84fa94-04c1-424b-9868-57a2d4851a1d" relativeResultsDirectory="d640d05d-e234-4edd-893b-cc2a693412d4" />
    <UnitTestResult executionId="6ac41e4a-2126-4643-b2a9-a68791e307fb" testId="99e4a33b-f6d3-3cfa-758e-fccd2b490005" testName="LORE_LLM.Tests.CliApplicationTests.RunAsync_without_arguments_returns_help_error_code" computerName="PC" duration="00:00:00.5878160" startTime="2025-10-22T08:30:12.8515797+08:00" endTime="2025-10-22T08:30:12.8515799+08:00" testType="13cdc9d9-ddb5-4fa4-a97d-d965ccfc6d4b" outcome="Passed" testListId="8c84fa94-04c1-424b-9868-57a2d4851a1d" relativeResultsDirectory="6ac41e4a-2126-4643-b2a9-a68791e307fb" />
    <UnitTestResult executionId="4d104fb2-085e-4d5f-9c7e-8f40a860dc36" testId="5b9982e3-d8d8-ab5b-6052-df4d6c2d1f1d" testName="LORE_LLM.Tests.Investigation.InvestigationReportGeneratorTests.GenerateAsync_produces_suggestions_from_knowledge" computerName="PC" duration="00:00:00.3915562" startTime="2025-10-22T08:30:12.6553539+08:00" endTime="2025-10-22T08:30:12.6553545+08:00" testType="13cdc9d9-ddb5-4fa4-a97d-d965ccfc6d4b" outcome="Passed" testListId="8c84fa94-04c1-424b-9868-57a2d4851a1d" relativeResultsDirectory="4d104fb2-085e-4d5f-9c7e-8f40a860dc36" />
    <UnitTestResult executionId="44a33e76-d6ab-4ea8-9896-3de095377305" testId="a272a83e-9448-e5f5-ada3-90fe294e91d8" testName="LORE_LLM.Tests.Domain.DomainSerializationTests.Cluster_document_round_trips" computerName="PC" duration="00:00:00.0032938" startTime="2025-10-22T08:30:12.7057785+08:00" endTime="2025-10-22T08:30:12.7057788+08:00" testType="13cdc9d9-ddb5-4fa4-a97d-d965ccfc6d4b" outcome="Passed" testListId="8c84fa94-04c1-424b-9868-57a2d4851a1d" relativeResultsDirectory="44a33e76-d6ab-4ea8-9896-3de095377305" />
    <UnitTestResult executionId="c49eca6b-782d-416c-9de8-bb1cdfd75b69" testId="aee863a8-fcb0-118c-fc2e-3e87b8277d93" testName="LORE_LLM.Tests.Domain.DomainSerializationTests.Knowledge_base_round_trips" computerName="PC" duration="00:00:00.0010403" startTime="2025-10-22T08:30:12.7068739+08:00" endTime="2025-10-22T08:30:12.7068740+08:00" testType="13cdc9d9-ddb5-4fa4-a97d-d965ccfc6d4b" outcome="Passed" testListId="8c84fa94-04c1-424b-9868-57a2d4851a1d" relativeResultsDirectory="c49eca6b-782d-416c-9de8-bb1cdfd75b69" />
    <UnitTestResult executionId="2c511e50-2fbb-43b6-9bbc-bd99be4a8ac3" testId="182c4a9a-875f-dd77-2fd5-18a3b491cfa1" testName="LORE_LLM.Tests.Clustering.ClusterCommandTests.Cluster_command_uses_default_provider_from_config_when_not_specified" computerName="PC" duration="00:00:00.5993858" startTime="2025-10-22T08:30:12.8631240+08:00" endTime="2025-10-22T08:30:12.8631241+08:00" testType="13cdc9d9-ddb5-4fa4-a97d-d965ccfc6d4b" outcome="Passed" testListId="8c84fa94-04c1-424b-9868-57a2d4851a1d" relativeResultsDirectory="2c511e50-2fbb-43b6-9bbc-bd99be4a8ac3" />
    <UnitTestResult executionId="0ac2de97-d6a2-4596-9549-1b48d34ced10" testId="9a92c6b1-3a7f-6ff8-1081-8c2724b2b5e9" testName="LORE_LLM.Tests.Domain.DomainSerializationTests.Investigation_report_round_trips" computerName="PC" duration="00:00:00.0107700" startTime="2025-10-22T08:30:12.7023760+08:00" endTime="2025-10-22T08:30:12.7023765+08:00" testType="13cdc9d9-ddb5-4fa4-a97d-d965ccfc6d4b" outcome="Passed" testListId="8c84fa94-04c1-424b-9868-57a2d4851a1d" relativeResultsDirectory="0ac2de97-d6a2-4596-9549-1b48d34ced10" />
    <UnitTestResult executionId="1c585270-b450-4b8b-afaa-322e0e9b16f5" testId="d1ddc5c0-c2df-f1f1-c297-38af5e5cb6d6" testName="LORE_LLM.Tests.Extraction.RawTextExtractorTests.ExtractAsync_fails_when_file_missing" computerName="PC" duration="00:00:00.0005193" startTime="2025-10-22T08:30:12.3523170+08:00" endTime="2025-10-22T08:30:12.3523172+08:00" testType="13cdc9d9-ddb5-4fa4-a97d-d965ccfc6d4b" outcome="Passed" testListId="8c84fa94-04c1-424b-9868-57a2d4851a1d" relativeResultsDirectory="1c585270-b450-4b8b-afaa-322e0e9b16f5" />
  </Results>
  <TestDefinitions>
    <UnitTest name="LORE_LLM.Tests.CliApplicationTests.Cluster_without_provider_uses_config_default" storage="c:\users\coel\documents\godot\lore-llm\tests\lore-llm.tests\bin\debug\net8.0\lore-llm.tests.dll" id="1f1520cb-c9fa-ce96-7955-9deb29c9592e">
      <Execution id="bd7994bf-b2f5-4b4e-9146-b0ae79364bb9" />
      <TestMethod codeBase="C:\Users\Coel\Documents\Godot\LORE-LLM\tests\LORE-LLM.Tests\bin\Debug\net8.0\LORE-LLM.Tests.dll" adapterTypeName="executor://xunit/VsTestRunner2/netcoreapp" className="LORE_LLM.Tests.CliApplicationTests" name="Cluster_without_provider_uses_config_default" />
    </UnitTest>
    <UnitTest name="LORE_LLM.Tests.CliApplicationTests.Commands_return_success" storage="c:\users\coel\documents\godot\lore-llm\tests\lore-llm.tests\bin\debug\net8.0\lore-llm.tests.dll" id="71e1152d-7c2f-4ec6-ad58-93a592b1961f">
      <Execution id="107ad07d-ab32-4a80-acaf-54a3741dfcdf" />
      <TestMethod codeBase="C:\Users\Coel\Documents\Godot\LORE-LLM\tests\LORE-LLM.Tests\bin\Debug\net8.0\LORE-LLM.Tests.dll" adapterTypeName="executor://xunit/VsTestRunner2/netcoreapp" className="LORE_LLM.Tests.CliApplicationTests" name="Commands_return_success" />
    </UnitTest>
    <UnitTest name="LORE_LLM.Tests.PostProcessing.MarbleNestPostProcessorTests.Removes_empty_segments" storage="c:\users\coel\documents\godot\lore-llm\tests\lore-llm.tests\bin\debug\net8.0\lore-llm.tests.dll" id="dd41ed94-549e-fdc0-83c0-e8e977f413a5">
      <Execution id="1866a5ec-edfe-48a1-9c98-3a1b0dffca4e" />
      <TestMethod codeBase="C:\Users\Coel\Documents\Godot\LORE-LLM\tests\LORE-LLM.Tests\bin\Debug\net8.0\LORE-LLM.Tests.dll" adapterTypeName="executor://xunit/VsTestRunner2/netcoreapp" className="LORE_LLM.Tests.PostProcessing.MarbleNestPostProcessorTests" name="Removes_empty_segments" />
    </UnitTest>
    <UnitTest name="LORE_LLM.Tests.Wiki.WikiIndexCommandTests.Index_wiki_builds_keyword_index_from_markdown_files" storage="c:\users\coel\documents\godot\lore-llm\tests\lore-llm.tests\bin\debug\net8.0\lore-llm.tests.dll" id="b373d78a-e853-b05d-6545-fcae3b98c8d9">
      <Execution id="d640d05d-e234-4edd-893b-cc2a693412d4" />
      <TestMethod codeBase="C:\Users\Coel\Documents\Godot\LORE-LLM\tests\LORE-LLM.Tests\bin\Debug\net8.0\LORE-LLM.Tests.dll" adapterTypeName="executor://xunit/VsTestRunner2/netcoreapp" className="LORE_LLM.Tests.Wiki.WikiIndexCommandTests" name="Index_wiki_builds_keyword_index_from_markdown_files" />
    </UnitTest>
    <UnitTest name="LORE_LLM.Tests.Wiki.MediaWikiCrawlerTests.CrawlAsync_writes_markdown_files_for_requested_pages" storage="c:\users\coel\documents\godot\lore-llm\tests\lore-llm.tests\bin\debug\net8.0\lore-llm.tests.dll" id="8af26fe3-93f7-a387-03a0-ea2796e29397">
      <Execution id="2647f2e3-5145-4c02-8d9c-f2c4689aac59" />
      <TestMethod codeBase="C:\Users\Coel\Documents\Godot\LORE-LLM\tests\LORE-LLM.Tests\bin\Debug\net8.0\LORE-LLM.Tests.dll" adapterTypeName="executor://xunit/VsTestRunner2/netcoreapp" className="LORE_LLM.Tests.Wiki.MediaWikiCrawlerTests" name="CrawlAsync_writes_markdown_files_for_requested_pages" />
    </UnitTest>
    <UnitTest name="LORE_LLM.Tests.CliApplicationTests.RunAsync_without_arguments_returns_help_error_code" storage="c:\users\coel\documents\godot\lore-llm\tests\lore-llm.tests\bin\debug\net8.0\lore-llm.tests.dll" id="99e4a33b-f6d3-3cfa-758e-fccd2b490005">
      <Execution id="6ac41e4a-2126-4643-b2a9-a68791e307fb" />
      <TestMethod codeBase="C:\Users\Coel\Documents\Godot\LORE-LLM\tests\LORE-LLM.Tests\bin\Debug\net8.0\LORE-LLM.Tests.dll" adapterTypeName="executor://xunit/VsTestRunner2/netcoreapp" className="LORE_LLM.Tests.CliApplicationTests" name="RunAsync_without_arguments_returns_help_error_code" />
    </UnitTest>
    <UnitTest name="LORE_LLM.Tests.Domain.DomainSerializationTests.Knowledge_base_round_trips" storage="c:\users\coel\documents\godot\lore-llm\tests\lore-llm.tests\bin\debug\net8.0\lore-llm.tests.dll" id="aee863a8-fcb0-118c-fc2e-3e87b8277d93">
      <Execution id="c49eca6b-782d-416c-9de8-bb1cdfd75b69" />
      <TestMethod codeBase="C:\Users\Coel\Documents\Godot\LORE-LLM\tests\LORE-LLM.Tests\bin\Debug\net8.0\LORE-LLM.Tests.dll" adapterTypeName="executor://xunit/VsTestRunner2/netcoreapp" className="LORE_LLM.Tests.Domain.DomainSerializationTests" name="Knowledge_base_round_trips" />
    </UnitTest>
    <UnitTest name="LORE_LLM.Tests.Investigation.MediaWikiIngestionServiceTests.EnsureKnowledgeBaseAsync_offline_without_cache_returns_failure" storage="c:\users\coel\documents\godot\lore-llm\tests\lore-llm.tests\bin\debug\net8.0\lore-llm.tests.dll" id="cf523042-e5be-ee20-2d75-2879ae5bab43">
      <Execution id="8f298d0b-038e-4191-9143-cfa0d870ca8c" />
      <TestMethod codeBase="C:\Users\Coel\Documents\Godot\LORE-LLM\tests\LORE-LLM.Tests\bin\Debug\net8.0\LORE-LLM.Tests.dll" adapterTypeName="executor://xunit/VsTestRunner2/netcoreapp" className="LORE_LLM.Tests.Investigation.MediaWikiIngestionServiceTests" name="EnsureKnowledgeBaseAsync_offline_without_cache_returns_failure" />
    </UnitTest>
    <UnitTest name="LORE_LLM.Tests.Clustering.ClusterCommandTests.Cluster_command_uses_default_provider_from_config_when_not_specified" storage="c:\users\coel\documents\godot\lore-llm\tests\lore-llm.tests\bin\debug\net8.0\lore-llm.tests.dll" id="182c4a9a-875f-dd77-2fd5-18a3b491cfa1">
      <Execution id="2c511e50-2fbb-43b6-9bbc-bd99be4a8ac3" />
      <TestMethod codeBase="C:\Users\Coel\Documents\Godot\LORE-LLM\tests\LORE-LLM.Tests\bin\Debug\net8.0\LORE-LLM.Tests.dll" adapterTypeName="executor://xunit/VsTestRunner2/netcoreapp" className="LORE_LLM.Tests.Clustering.ClusterCommandTests" name="Cluster_command_uses_default_provider_from_config_when_not_specified" />
    </UnitTest>
    <UnitTest name="LORE_LLM.Tests.Extraction.RawTextExtractorTests.ExtractAsync_emits_json_and_manifest" storage="c:\users\coel\documents\godot\lore-llm\tests\lore-llm.tests\bin\debug\net8.0\lore-llm.tests.dll" id="d77e84e9-8f1e-2db4-f2eb-a9263555d302">
      <Execution id="30d5eeef-5b04-4a45-96e1-2908a7263f4e" />
      <TestMethod codeBase="C:\Users\Coel\Documents\Godot\LORE-LLM\tests\LORE-LLM.Tests\bin\Debug\net8.0\LORE-LLM.Tests.dll" adapterTypeName="executor://xunit/VsTestRunner2/netcoreapp" className="LORE_LLM.Tests.Extraction.RawTextExtractorTests" name="ExtractAsync_emits_json_and_manifest" />
    </UnitTest>
    <UnitTest name="LORE_LLM.Tests.Domain.DomainSerializationTests.Cluster_document_round_trips" storage="c:\users\coel\documents\godot\lore-llm\tests\lore-llm.tests\bin\debug\net8.0\lore-llm.tests.dll" id="a272a83e-9448-e5f5-ada3-90fe294e91d8">
      <Execution id="44a33e76-d6ab-4ea8-9896-3de095377305" />
      <TestMethod codeBase="C:\Users\Coel\Documents\Godot\LORE-LLM\tests\LORE-LLM.Tests\bin\Debug\net8.0\LORE-LLM.Tests.dll" adapterTypeName="executor://xunit/VsTestRunner2/netcoreapp" className="LORE_LLM.Tests.Domain.DomainSerializationTests" name="Cluster_document_round_trips" />
    </UnitTest>
    <UnitTest name="LORE_LLM.Tests.Domain.DomainSerializationTests.Metadata_document_round_trips" storage="c:\users\coel\documents\godot\lore-llm\tests\lore-llm.tests\bin\debug\net8.0\lore-llm.tests.dll" id="2d812191-d1ff-d9b3-c50e-85edd14614fd">
      <Execution id="6a90749a-c5de-4b04-b02d-571c2429d150" />
      <TestMethod codeBase="C:\Users\Coel\Documents\Godot\LORE-LLM\tests\LORE-LLM.Tests\bin\Debug\net8.0\LORE-LLM.Tests.dll" adapterTypeName="executor://xunit/VsTestRunner2/netcoreapp" className="LORE_LLM.Tests.Domain.DomainSerializationTests" name="Metadata_document_round_trips" />
    </UnitTest>
    <UnitTest name="LORE_LLM.Tests.Extraction.RawTextExtractorTests.ExtractAsync_fails_when_file_missing" storage="c:\users\coel\documents\godot\lore-llm\tests\lore-llm.tests\bin\debug\net8.0\lore-llm.tests.dll" id="d1ddc5c0-c2df-f1f1-c297-38af5e5cb6d6">
      <Execution id="1c585270-b450-4b8b-afaa-322e0e9b16f5" />
      <TestMethod codeBase="C:\Users\Coel\Documents\Godot\LORE-LLM\tests\LORE-LLM.Tests\bin\Debug\net8.0\LORE-LLM.Tests.dll" adapterTypeName="executor://xunit/VsTestRunner2/netcoreapp" className="LORE_LLM.Tests.Extraction.RawTextExtractorTests" name="ExtractAsync_fails_when_file_missing" />
    </UnitTest>
    <UnitTest name="LORE_LLM.Tests.Extraction.RawTextExtractorTests.ExtractAsync_fails_when_no_segments" storage="c:\users\coel\documents\godot\lore-llm\tests\lore-llm.tests\bin\debug\net8.0\lore-llm.tests.dll" id="4516c856-2174-1fa8-2472-08f4cf424b4f">
      <Execution id="a9685fb5-26c4-4b10-8b7c-83b227741cca" />
      <TestMethod codeBase="C:\Users\Coel\Documents\Godot\LORE-LLM\tests\LORE-LLM.Tests\bin\Debug\net8.0\LORE-LLM.Tests.dll" adapterTypeName="executor://xunit/VsTestRunner2/netcoreapp" className="LORE_LLM.Tests.Extraction.RawTextExtractorTests" name="ExtractAsync_fails_when_no_segments" />
    </UnitTest>
    <UnitTest name="LORE_LLM.Tests.Domain.DomainSerializationTests.Investigation_report_round_trips" storage="c:\users\coel\documents\godot\lore-llm\tests\lore-llm.tests\bin\debug\net8.0\lore-llm.tests.dll" id="9a92c6b1-3a7f-6ff8-1081-8c2724b2b5e9">
      <Execution id="0ac2de97-d6a2-4596-9549-1b48d34ced10" />
      <TestMethod codeBase="C:\Users\Coel\Documents\Godot\LORE-LLM\tests\LORE-LLM.Tests\bin\Debug\net8.0\LORE-LLM.Tests.dll" adapterTypeName="executor://xunit/VsTestRunner2/netcoreapp" className="LORE_LLM.Tests.Domain.DomainSerializationTests" name="Investigation_report_round_trips" />
    </UnitTest>
    <UnitTest name="LORE_LLM.Tests.Investigation.MediaWikiIngestionServiceTests.EnsureKnowledgeBaseAsync_fetches_entries_and_caches_results" storage="c:\users\coel\documents\godot\lore-llm\tests\lore-llm.tests\bin\debug\net8.0\lore-llm.tests.dll" id="cb137f5d-24c0-2966-40c5-998e3c709100">
      <Execution id="1418bfdd-7a18-46f8-bce6-89fc5f570a7c" />
      <TestMethod codeBase="C:\Users\Coel\Documents\Godot\LORE-LLM\tests\LORE-LLM.Tests\bin\Debug\net8.0\LORE-LLM.Tests.dll" adapterTypeName="executor://xunit/VsTestRunner2/netcoreapp" className="LORE_LLM.Tests.Investigation.MediaWikiIngestionServiceTests" name="EnsureKnowledgeBaseAsync_fetches_entries_and_caches_results" />
    </UnitTest>
    <UnitTest name="LORE_LLM.Tests.Clustering.ClusterCommandTests.Cluster_command_generates_clusters_and_updates_manifest" storage="c:\users\coel\documents\godot\lore-llm\tests\lore-llm.tests\bin\debug\net8.0\lore-llm.tests.dll" id="c432c984-90c5-43dd-2e60-2e2a5b248875">
      <Execution id="1339cc8f-6bc7-4aba-a94b-779606026b0a" />
      <TestMethod codeBase="C:\Users\Coel\Documents\Godot\LORE-LLM\tests\LORE-LLM.Tests\bin\Debug\net8.0\LORE-LLM.Tests.dll" adapterTypeName="executor://xunit/VsTestRunner2/netcoreapp" className="LORE_LLM.Tests.Clustering.ClusterCommandTests" name="Cluster_command_generates_clusters_and_updates_manifest" />
    </UnitTest>
    <UnitTest name="LORE_LLM.Tests.Investigation.InvestigationReportGeneratorTests.GenerateAsync_produces_suggestions_from_knowledge" storage="c:\users\coel\documents\godot\lore-llm\tests\lore-llm.tests\bin\debug\net8.0\lore-llm.tests.dll" id="5b9982e3-d8d8-ab5b-6052-df4d6c2d1f1d">
      <Execution id="4d104fb2-085e-4d5f-9c7e-8f40a860dc36" />
      <TestMethod codeBase="C:\Users\Coel\Documents\Godot\LORE-LLM\tests\LORE-LLM.Tests\bin\Debug\net8.0\LORE-LLM.Tests.dll" adapterTypeName="executor://xunit/VsTestRunner2/netcoreapp" className="LORE_LLM.Tests.Investigation.InvestigationReportGeneratorTests" name="GenerateAsync_produces_suggestions_from_knowledge" />
    </UnitTest>
  </TestDefinitions>
  <TestEntries>
    <TestEntry testId="71e1152d-7c2f-4ec6-ad58-93a592b1961f" executionId="107ad07d-ab32-4a80-acaf-54a3741dfcdf" testListId="8c84fa94-04c1-424b-9868-57a2d4851a1d" />
    <TestEntry testId="cf523042-e5be-ee20-2d75-2879ae5bab43" executionId="8f298d0b-038e-4191-9143-cfa0d870ca8c" testListId="8c84fa94-04c1-424b-9868-57a2d4851a1d" />
    <TestEntry testId="71e1152d-7c2f-4ec6-ad58-93a592b1961f" executionId="5fa44d61-8828-4c3b-a161-1b3ea4050f5e" testListId="8c84fa94-04c1-424b-9868-57a2d4851a1d" />
    <TestEntry testId="cb137f5d-24c0-2966-40c5-998e3c709100" executionId="1418bfdd-7a18-46f8-bce6-89fc5f570a7c" testListId="8c84fa94-04c1-424b-9868-57a2d4851a1d" />
    <TestEntry testId="8af26fe3-93f7-a387-03a0-ea2796e29397" executionId="2647f2e3-5145-4c02-8d9c-f2c4689aac59" testListId="8c84fa94-04c1-424b-9868-57a2d4851a1d" />
    <TestEntry testId="71e1152d-7c2f-4ec6-ad58-93a592b1961f" executionId="1f56e67d-4cc4-40e1-86f0-beef7aac83ab" testListId="8c84fa94-04c1-424b-9868-57a2d4851a1d" />
    <TestEntry testId="c432c984-90c5-43dd-2e60-2e2a5b248875" executionId="1339cc8f-6bc7-4aba-a94b-779606026b0a" testListId="8c84fa94-04c1-424b-9868-57a2d4851a1d" />
    <TestEntry testId="d77e84e9-8f1e-2db4-f2eb-a9263555d302" executionId="30d5eeef-5b04-4a45-96e1-2908a7263f4e" testListId="8c84fa94-04c1-424b-9868-57a2d4851a1d" />
    <TestEntry testId="2d812191-d1ff-d9b3-c50e-85edd14614fd" executionId="6a90749a-c5de-4b04-b02d-571c2429d150" testListId="8c84fa94-04c1-424b-9868-57a2d4851a1d" />
    <TestEntry testId="71e1152d-7c2f-4ec6-ad58-93a592b1961f" executionId="a3809d97-58d9-44a1-ac1e-d9082ff480d2" testListId="8c84fa94-04c1-424b-9868-57a2d4851a1d" />
    <TestEntry testId="71e1152d-7c2f-4ec6-ad58-93a592b1961f" executionId="b81a63df-4e29-438b-a7f2-3debebf23038" testListId="8c84fa94-04c1-424b-9868-57a2d4851a1d" />
    <TestEntry testId="71e1152d-7c2f-4ec6-ad58-93a592b1961f" executionId="84ca48db-51f4-4b74-bedc-1929bed39fed" testListId="8c84fa94-04c1-424b-9868-57a2d4851a1d" />
    <TestEntry testId="71e1152d-7c2f-4ec6-ad58-93a592b1961f" executionId="c7e00b64-471b-4282-9b01-35b0c71d794c" testListId="8c84fa94-04c1-424b-9868-57a2d4851a1d" />
    <TestEntry testId="4516c856-2174-1fa8-2472-08f4cf424b4f" executionId="a9685fb5-26c4-4b10-8b7c-83b227741cca" testListId="8c84fa94-04c1-424b-9868-57a2d4851a1d" />
    <TestEntry testId="1f1520cb-c9fa-ce96-7955-9deb29c9592e" executionId="bd7994bf-b2f5-4b4e-9146-b0ae79364bb9" testListId="8c84fa94-04c1-424b-9868-57a2d4851a1d" />
    <TestEntry testId="dd41ed94-549e-fdc0-83c0-e8e977f413a5" executionId="1866a5ec-edfe-48a1-9c98-3a1b0dffca4e" testListId="8c84fa94-04c1-424b-9868-57a2d4851a1d" />
    <TestEntry testId="b373d78a-e853-b05d-6545-fcae3b98c8d9" executionId="d640d05d-e234-4edd-893b-cc2a693412d4" testListId="8c84fa94-04c1-424b-9868-57a2d4851a1d" />
    <TestEntry testId="99e4a33b-f6d3-3cfa-758e-fccd2b490005" executionId="6ac41e4a-2126-4643-b2a9-a68791e307fb" testListId="8c84fa94-04c1-424b-9868-57a2d4851a1d" />
    <TestEntry testId="5b9982e3-d8d8-ab5b-6052-df4d6c2d1f1d" executionId="4d104fb2-085e-4d5f-9c7e-8f40a860dc36" testListId="8c84fa94-04c1-424b-9868-57a2d4851a1d" />
    <TestEntry testId="a272a83e-9448-e5f5-ada3-90fe294e91d8" executionId="44a33e76-d6ab-4ea8-9896-3de095377305" testListId="8c84fa94-04c1-424b-9868-57a2d4851a1d" />
    <TestEntry testId="aee863a8-fcb0-118c-fc2e-3e87b8277d93" executionId="c49eca6b-782d-416c-9de8-bb1cdfd75b69" testListId="8c84fa94-04c1-424b-9868-57a2d4851a1d" />
    <TestEntry testId="182c4a9a-875f-dd77-2fd5-18a3b491cfa1" executionId="2c511e50-2fbb-43b6-9bbc-bd99be4a8ac3" testListId="8c84fa94-04c1-424b-9868-57a2d4851a1d" />
    <TestEntry testId="9a92c6b1-3a7f-6ff8-1081-8c2724b2b5e9" executionId="0ac2de97-d6a2-4596-9549-1b48d34ced10" testListId="8c84fa94-04c1-424b-9868-57a2d4851a1d" />
    <TestEntry testId="d1ddc5c0-c2df-f1f1-c297-38af5e5cb6d6" executionId="1c585270-b450-4b8b-afaa-322e0e9b16f5" testListId="8c84fa94-04c1-424b-9868-57a2d4851a1d" />
  </TestEntries>
  <TestLists>
    <TestList name="Results Not in a List" id="8c84fa94-04c1-424b-9868-57a2d4851a1d" />
    <TestList name="All Loaded Results" id="19431567-8539-422a-85d7-44ee4e166bda" />
  </TestLists>
  <ResultSummary outcome="Completed">
    <Counters total="24" executed="24" passed="24" failed="0" error="0" timeout="0" aborted="0" inconclusive="0" passedButRunAborted="0" notRunnable="0" notExecuted="0" disconnected="0" warning="0" completed="0" inProgress="0" pending="0" />
    <Output>
      <StdOut>[xUnit.net 00:00:00.00] xUnit.net VSTest Adapter v2.5.3.1+6b60a9e56a (64-bit .NET 8.0.2)&#xD;
[xUnit.net 00:00:00.42]   Discovering: LORE-LLM.Tests&#xD;
[xUnit.net 00:00:00.44]   Discovered:  LORE-LLM.Tests&#xD;
[xUnit.net 00:00:00.44]   Starting:    LORE-LLM.Tests&#xD;
[xUnit.net 00:00:01.39]   Finished:    LORE-LLM.Tests&#xD;
</StdOut>
    </Output>
  </ResultSummary>
</TestRun>